(1,ERROR,"'")
(1,ID,"t")
(1,ERROR,"'")
(2,ERROR,"'")
(2,92,"\")
(2,ID,"n")
(2,ERROR,"'")
(3,ERROR,"'")
(3,92,"\")
(3,NUM,"0")
(3,ERROR,"'")
(4,ERROR,"'")
(4,ERROR,"'")
(5,ERROR,"'")
(6,ERROR,"'")
(6,92,"\")
(6,ERROR,"'")
(6,ERROR,"'")
(7,ERROR,"'")
(7,ERROR,"'")
