(1,ERROR,"'")
(1,92,"\")
(1,ID,"n")
(1,ERROR,"'")
